Microsoft Windows [Version 10.0.22000.856]
(c) Microsoft Corporation. All rights reserved.

C:\Users\Ashutosh Raj Gupta>sqlplus

SQL*Plus: Release 21.0.0.0.0 - Production on Tue Aug 30 15:00:51 2022
Version 21.3.0.0.0

Copyright (c) 1982, 2021, Oracle.  All rights reserved.

Enter user-name: system
Enter password:
Last Successful login time: Tue Aug 30 2022 13:43:01 +05:30

Connected to:
Oracle Database 21c Express Edition Release 21.0.0.0.0 - Production
Version 21.3.0.0.0

SQL> SET SERVEROUT ON
SQL> BEGIN
  2  dbms_output.put_line (‘Hello World..');
  3  END;
  4  /
ERROR:
ORA-01756: quoted string not properly terminated


SQL> BEGIN
  2  dbms_output.put_line ('Hello World..');
  3  END;
  4  /
Hello World..

PL/SQL procedure successfully completed.

SQL> begin
  2  dbms_output.put_line("hello world");
  3  end;
  4  /
dbms_output.put_line("hello world");
                      *
ERROR at line 2:
ORA-06550: line 2, column 23:
PLS-00201: identifier 'hello world' must be declared
ORA-06550: line 2, column 1:
PL/SQL: Statement ignored


SQL> begin
  2  dbms_output.put_line ('Hello World');
  3  end;
  4  /
Hello World

PL/SQL procedure successfully completed.

SQL> @"C:\Users\Ashutosh Raj Gupta\Desktop\test.sql"
ERROR:
ORA-01756: quoted string not properly terminated


SQL> @"C:\Users\Ashutosh Raj Gupta\Desktop\test.sql"
ERROR:
ORA-01756: quoted string not properly terminated


SQL> @"C:\Users\Ashutosh Raj Gupta\Desktop\test.sql"
Hello World..

PL/SQL procedure successfully completed.

SQL>
